../Core/Src/main.c:93:6:HAL_GPIO_EXTI_Callback	16	static
../Core/Src/main.c:111:5:main	32	static
../Core/Src/main.c:217:6:SystemClock_Config	128	static
../Core/Src/main.c:270:13:MX_ADC_Init	16	static
../Core/Src/main.c:350:13:MX_DAC_Init	16	static
../Core/Src/main.c:390:13:MX_I2C1_Init	8	static
../Core/Src/main.c:438:13:MX_TIM22_Init	48	static
../Core/Src/main.c:506:13:MX_USB_PCD_Init	8	static
../Core/Src/main.c:538:13:MX_GPIO_Init	48	static
../Core/Src/main.c:605:6:Error_Handler	8	static,ignoring_inline_asm
