../Core/Src/stm32l0xx_hal_msp.c:65:6:HAL_MspInit	8	static
../Core/Src/stm32l0xx_hal_msp.c:87:6:HAL_ADC_MspInit	48	static
../Core/Src/stm32l0xx_hal_msp.c:123:6:HAL_ADC_MspDeInit	16	static
../Core/Src/stm32l0xx_hal_msp.c:154:6:HAL_DAC_MspInit	48	static
../Core/Src/stm32l0xx_hal_msp.c:187:6:HAL_DAC_MspDeInit	16	static
../Core/Src/stm32l0xx_hal_msp.c:215:6:HAL_I2C_MspInit	48	static
../Core/Src/stm32l0xx_hal_msp.c:251:6:HAL_I2C_MspDeInit	16	static
../Core/Src/stm32l0xx_hal_msp.c:282:6:HAL_TIM_Base_MspInit	16	static
../Core/Src/stm32l0xx_hal_msp.c:298:6:HAL_TIM_MspPostInit	48	static
../Core/Src/stm32l0xx_hal_msp.c:331:6:HAL_TIM_Base_MspDeInit	16	static
../Core/Src/stm32l0xx_hal_msp.c:353:6:HAL_PCD_MspInit	16	static
../Core/Src/stm32l0xx_hal_msp.c:375:6:HAL_PCD_MspDeInit	16	static
